Starting MySQL setup...
MySQL is already running!

Database: myapp
Root user: root (password: dbuser123)
App user: appuser (password: dbuser123)
Port: 5000

To connect to the database, use:
mysql -u appuser -pdbuser123 -h localhost -P 5000 myapp

Script stopped - MySQL server already running.

> simple-db-viewer@1.0.0 start
> node server.js --host 0.0.0.0

node:internal/modules/cjs/loader:1143
  throw err;
  ^

Error: Cannot find module 'express'
Require stack:
- /home/kavia/workspace/code-generation/entertainsphere-88955-1177c024/funbase_database/db_visualizer/server.js
    at Module._resolveFilename (node:internal/modules/cjs/loader:1140:15)
    at Module._load (node:internal/modules/cjs/loader:981:27)
    at Module.require (node:internal/modules/cjs/loader:1231:19)
    at require (node:internal/modules/helpers:177:18)
    at Object.<anonymous> (/home/kavia/workspace/code-generation/entertainsphere-88955-1177c024/funbase_database/db_visualizer/server.js:1:17)
    at Module._compile (node:internal/modules/cjs/loader:1364:14)
    at Module._extensions..js (node:internal/modules/cjs/loader:1422:10)
    at Module.load (node:internal/modules/cjs/loader:1203:32)
    at Module._load (node:internal/modules/cjs/loader:1019:12)
    at Function.executeUserEntryPoint [as runMain] (node:internal/modules/run_main:128:12) {
  code: 'MODULE_NOT_FOUND',
  requireStack: [
    '/home/kavia/workspace/code-generation/entertainsphere-88955-1177c024/funbase_database/db_visualizer/server.js'
  ]
}

Node.js v18.20.6
